2026-08-22 19:23:47,003 - INFO - starting...
2026-08-22 19:23:47,003 - INFO - look file Airport:data/validation/good/airports_data/airports.csv...
2026-08-22 19:23:47,003 - INFO - checking output folder if not exist so create first...
2026-08-22 19:23:47,003 - INFO - Read file Airport:data/validation/good/airports_data/airports.csv...
2026-08-22 19:23:47,030 - INFO - file reading complete
2026-08-22 19:23:47,050 - INFO - Apply busness rule
2026-08-22 19:23:47,050 - INFO - start file saving location: data/transform/airport_data/airports.csv...
2026-08-22 19:23:47,113 - INFO - complete file save location: data/transform/airport_data/airports.csv...
2026-09-05 01:51:17,973 - INFO - starting...
2026-09-05 01:51:17,973 - INFO - look file Airport:/tmp/pytest-of-owaisahmad3837/pytest-53/test_airport_transformation0/airports.csv...
2026-09-05 01:51:17,974 - INFO - checking output folder if not exist so create first...
2026-09-05 01:51:17,974 - INFO - Read file Airport:/tmp/pytest-of-owaisahmad3837/pytest-53/test_airport_transformation0/airports.csv...
2026-09-05 01:51:17,977 - INFO - file reading complete
2026-09-05 01:51:17,991 - INFO - Apply busness rule
2026-09-05 01:51:17,991 - INFO - start file saving location: /tmp/pytest-of-owaisahmad3837/pytest-53/test_airport_transformation0/airports.csv...
2026-09-05 01:51:17,994 - INFO - complete file save location: /tmp/pytest-of-owaisahmad3837/pytest-53/test_airport_transformation0/airports.csv...
2026-09-05 03:02:25,503 - INFO - starting...
2026-09-05 03:02:25,504 - INFO - look file Airport:/tmp/pytest-of-owaisahmad3837/pytest-72/test_airport_e2e0/good_airports.csv...
2026-09-05 03:02:25,504 - INFO - checking output folder if not exist so create first...
2026-09-05 03:02:25,504 - INFO - Read file Airport:/tmp/pytest-of-owaisahmad3837/pytest-72/test_airport_e2e0/good_airports.csv...
2026-09-05 03:02:25,507 - INFO - file reading complete
2026-09-05 03:02:25,516 - INFO - Apply busness rule
2026-09-05 03:02:25,517 - INFO - start file saving location: /tmp/pytest-of-owaisahmad3837/pytest-72/test_airport_e2e0/transformed_airports.csv...
2026-09-05 03:02:25,520 - INFO - complete file save location: /tmp/pytest-of-owaisahmad3837/pytest-72/test_airport_e2e0/transformed_airports.csv...
2026-09-05 03:16:49,993 - INFO - starting...
2026-09-05 03:16:49,993 - INFO - look file Airport:/tmp/pytest-of-owaisahmad3837/pytest-79/test_airport_e2e0/good_airports.csv...
2026-09-05 03:16:49,993 - INFO - checking output folder if not exist so create first...
2026-09-05 03:16:49,994 - INFO - Read file Airport:/tmp/pytest-of-owaisahmad3837/pytest-79/test_airport_e2e0/good_airports.csv...
2026-09-05 03:16:49,997 - INFO - file reading complete
2026-09-05 03:16:50,004 - INFO - Apply busness rule
2026-09-05 03:16:50,005 - INFO - start file saving location: /tmp/pytest-of-owaisahmad3837/pytest-79/test_airport_e2e0/transformed_airports.csv...
2026-09-05 03:16:50,007 - INFO - complete file save location: /tmp/pytest-of-owaisahmad3837/pytest-79/test_airport_e2e0/transformed_airports.csv...
2026-09-05 03:17:28,559 - INFO - starting...
2026-09-05 03:17:28,559 - INFO - look file Airport:/tmp/pytest-of-owaisahmad3837/pytest-80/test_airport_e2e0/good_airports.csv...
2026-09-05 03:17:28,559 - INFO - checking output folder if not exist so create first...
2026-09-05 03:17:28,559 - INFO - Read file Airport:/tmp/pytest-of-owaisahmad3837/pytest-80/test_airport_e2e0/good_airports.csv...
2026-09-05 03:17:28,562 - INFO - file reading complete
2026-09-05 03:17:28,568 - INFO - Apply busness rule
2026-09-05 03:17:28,569 - INFO - start file saving location: /tmp/pytest-of-owaisahmad3837/pytest-80/test_airport_e2e0/transformed_airports.csv...
2026-09-05 03:17:28,571 - INFO - complete file save location: /tmp/pytest-of-owaisahmad3837/pytest-80/test_airport_e2e0/transformed_airports.csv...
2026-09-05 05:54:01,322 - INFO - starting...
2026-09-05 05:54:01,322 - INFO - look file Airport:/tmp/pytest-of-owaisahmad3837/pytest-82/test_airport_e2e0/good_airports.csv...
2026-09-05 05:54:01,322 - INFO - checking output folder if not exist so create first...
2026-09-05 05:54:01,322 - INFO - Read file Airport:/tmp/pytest-of-owaisahmad3837/pytest-82/test_airport_e2e0/good_airports.csv...
2026-09-05 05:54:01,324 - INFO - file reading complete
2026-09-05 05:54:01,329 - INFO - Apply busness rule
2026-09-05 05:54:01,329 - INFO - start file saving location: /tmp/pytest-of-owaisahmad3837/pytest-82/test_airport_e2e0/transformed_airports.csv...
2026-09-05 05:54:01,331 - INFO - complete file save location: /tmp/pytest-of-owaisahmad3837/pytest-82/test_airport_e2e0/transformed_airports.csv...
