2026-08-25 21:50:15,431 - INFO - start
2026-08-25 21:50:15,431 - INFO - set_page_config...
2026-08-25 21:51:39,572 - INFO - start
2026-08-25 21:51:39,572 - INFO - set_page_config...
2026-08-25 21:52:16,847 - INFO - start
2026-08-25 21:52:16,847 - INFO - set_page_config...
2026-08-25 21:52:42,881 - INFO - start
2026-08-25 21:52:42,882 - INFO - set_page_config...
2026-08-25 21:52:52,844 - INFO - start
2026-08-25 21:52:52,844 - INFO - set_page_config...
2026-08-26 00:24:41,308 - INFO - start
2026-08-26 00:24:41,308 - INFO - set_page_config...
2026-08-26 00:26:10,148 - INFO - start
2026-08-26 00:26:10,149 - INFO - set_page_config...
2026-08-26 00:26:49,680 - INFO - start
2026-08-26 00:26:49,680 - INFO - set_page_config...
2026-08-26 00:27:20,799 - INFO - start
2026-08-26 00:27:20,799 - INFO - set_page_config...
2026-08-26 00:28:07,374 - INFO - start
2026-08-26 00:28:07,374 - INFO - set_page_config...
2026-08-26 00:29:47,690 - INFO - start
2026-08-26 00:29:47,690 - INFO - set_page_config...
2026-08-26 00:30:11,059 - INFO - start
2026-08-26 00:30:11,059 - INFO - set_page_config...
2026-08-26 00:30:42,331 - INFO - start
2026-08-26 00:30:42,332 - INFO - set_page_config...
2026-08-26 00:30:56,865 - INFO - start
2026-08-26 00:30:56,866 - INFO - set_page_config...
2026-08-26 00:31:16,035 - INFO - start
2026-08-26 00:31:16,035 - INFO - set_page_config...
2026-08-26 00:32:22,063 - INFO - start
2026-08-26 00:32:22,063 - INFO - set_page_config...
2026-08-26 00:33:27,161 - INFO - start
2026-08-26 00:33:27,161 - INFO - set_page_config...
2026-08-26 00:34:02,657 - INFO - start
2026-08-26 00:34:02,658 - INFO - set_page_config...
2026-08-26 00:34:46,116 - INFO - start
2026-08-26 00:34:46,116 - INFO - set_page_config...
2026-08-26 00:35:27,232 - INFO - start
2026-08-26 00:35:27,232 - INFO - set_page_config...
2026-08-26 00:36:30,684 - INFO - start
2026-08-26 00:36:30,684 - INFO - set_page_config...
2026-08-26 00:37:19,989 - INFO - start
2026-08-26 00:37:19,989 - INFO - set_page_config...
2026-08-26 00:39:48,677 - INFO - start
2026-08-26 00:39:48,677 - INFO - set_page_config...
2026-08-26 00:39:48,678 - INFO - Platfrom Status
2026-08-26 00:39:48,680 - INFO - Data Coverage
2026-08-26 00:39:48,683 - INFO - Explore the Platfrom
2026-08-26 00:39:48,686 - INFO - Technology stack
2026-08-26 00:39:48,687 - INFO - Main complete
2026-08-26 00:45:32,263 - INFO - start
2026-08-26 00:45:32,263 - INFO - set_page_config...
2026-08-26 00:45:32,265 - INFO - Platfrom Status
2026-08-26 00:45:32,266 - INFO - Data Coverage
2026-08-26 00:45:32,269 - INFO - Explore the Platfrom
2026-08-26 00:45:32,271 - INFO - Technology stack
2026-08-26 00:45:32,273 - INFO - Main complete
2026-08-26 00:45:34,095 - INFO - start
2026-08-26 00:45:34,095 - INFO - set_page_config...
2026-08-26 00:45:34,097 - INFO - Platfrom Status
2026-08-26 00:45:34,098 - INFO - Data Coverage
2026-08-26 00:45:34,101 - INFO - Explore the Platfrom
2026-08-26 00:45:34,103 - INFO - Technology stack
2026-08-26 00:45:34,105 - INFO - Main complete
2026-08-26 00:45:34,938 - INFO - start
2026-08-26 00:45:34,938 - INFO - set_page_config...
2026-08-26 00:45:34,940 - INFO - Platfrom Status
2026-08-26 00:45:34,941 - INFO - Data Coverage
2026-08-26 00:45:34,947 - INFO - Explore the Platfrom
2026-08-26 00:45:34,950 - INFO - Technology stack
2026-08-26 00:45:34,951 - INFO - Main complete
2026-08-26 00:45:35,953 - INFO - start
2026-08-26 00:45:35,953 - INFO - set_page_config...
2026-08-26 00:45:35,955 - INFO - Platfrom Status
2026-08-26 00:45:35,956 - INFO - Data Coverage
2026-08-26 00:45:35,960 - INFO - Explore the Platfrom
2026-08-26 00:45:35,963 - INFO - Technology stack
2026-08-26 00:45:35,965 - INFO - Main complete
2026-08-26 00:46:21,928 - INFO - start
2026-08-26 00:46:21,929 - INFO - set_page_config...
2026-08-26 00:46:21,930 - INFO - Platfrom Status
2026-08-26 00:46:21,932 - INFO - Data Coverage
2026-08-26 00:46:21,935 - INFO - Explore the Platfrom
2026-08-26 00:46:21,938 - INFO - Technology stack
2026-08-26 00:46:21,939 - INFO - Main complete
2026-08-26 00:46:23,951 - INFO - start
2026-08-26 00:46:23,951 - INFO - set_page_config...
2026-08-26 00:46:23,952 - INFO - Platfrom Status
2026-08-26 00:46:23,953 - INFO - Data Coverage
2026-08-26 00:46:23,957 - INFO - Explore the Platfrom
2026-08-26 00:46:23,960 - INFO - Technology stack
2026-08-26 00:46:23,962 - INFO - Main complete
2026-08-26 00:46:24,483 - INFO - start
2026-08-26 00:46:24,483 - INFO - set_page_config...
2026-08-26 00:46:24,484 - INFO - Platfrom Status
2026-08-26 00:46:24,485 - INFO - Data Coverage
2026-08-26 00:46:24,488 - INFO - Explore the Platfrom
2026-08-26 00:46:24,491 - INFO - Technology stack
2026-08-26 00:46:24,493 - INFO - Main complete
2026-08-26 00:48:11,821 - INFO - start
2026-08-26 00:48:11,821 - INFO - set_page_config...
2026-08-26 00:48:11,822 - INFO - Platfrom Status
2026-08-26 00:48:11,823 - INFO - Data Coverage
2026-08-26 00:48:11,826 - INFO - Explore the Platfrom
2026-08-26 00:48:11,829 - INFO - Technology stack
2026-08-26 00:48:11,831 - INFO - Main complete
2026-08-26 00:48:13,284 - INFO - start
2026-08-26 00:48:13,284 - INFO - set_page_config...
2026-08-26 00:48:13,286 - INFO - Platfrom Status
2026-08-26 00:48:13,287 - INFO - Data Coverage
2026-08-26 00:48:13,290 - INFO - Explore the Platfrom
2026-08-26 00:48:13,292 - INFO - Technology stack
2026-08-26 00:48:13,294 - INFO - Main complete
2026-08-26 00:48:18,716 - INFO - start
2026-08-26 00:48:18,716 - INFO - set_page_config...
2026-08-26 00:48:18,717 - INFO - Platfrom Status
2026-08-26 00:48:18,719 - INFO - Data Coverage
2026-08-26 00:48:18,723 - INFO - Explore the Platfrom
2026-08-26 00:48:18,726 - INFO - Technology stack
2026-08-26 00:48:18,729 - INFO - Main complete
2026-08-26 00:48:20,901 - INFO - start
2026-08-26 00:48:20,901 - INFO - set_page_config...
2026-08-26 00:48:20,906 - INFO - Platfrom Status
2026-08-26 00:48:20,908 - INFO - Data Coverage
2026-08-26 00:48:20,911 - INFO - Explore the Platfrom
2026-08-26 00:48:20,914 - INFO - Technology stack
2026-08-26 00:48:20,916 - INFO - Main complete
2026-08-26 00:48:22,011 - INFO - start
2026-08-26 00:48:22,011 - INFO - set_page_config...
2026-08-26 00:48:22,012 - INFO - Platfrom Status
2026-08-26 00:48:22,014 - INFO - Data Coverage
2026-08-26 00:48:22,017 - INFO - Explore the Platfrom
2026-08-26 00:48:22,020 - INFO - Technology stack
2026-08-26 00:48:22,022 - INFO - Main complete
2026-08-26 00:56:32,712 - INFO - start
2026-08-26 00:56:32,715 - INFO - set_page_config...
2026-08-26 00:56:41,616 - INFO - start
2026-08-26 00:56:41,617 - INFO - set_page_config...
2026-08-26 00:59:00,530 - INFO - start
2026-08-26 00:59:00,531 - INFO - set_page_config...
2026-08-26 00:59:00,666 - INFO - Platfrom Status
2026-08-26 00:59:00,668 - INFO - Data Coverage
2026-08-26 00:59:00,672 - INFO - Explore the Platfrom
2026-08-26 00:59:00,676 - INFO - Technology stack
2026-08-26 00:59:00,679 - INFO - Main complete
2026-08-26 01:02:14,523 - INFO - start
2026-08-26 01:02:14,523 - INFO - set_page_config...
2026-08-26 01:02:14,526 - INFO - Platfrom Status
2026-08-26 01:02:14,528 - INFO - Data Coverage
2026-08-26 01:02:14,532 - INFO - Explore the Platfrom
2026-08-26 01:02:14,536 - INFO - Technology stack
2026-08-26 01:02:14,538 - INFO - Main complete
2026-08-26 01:02:19,584 - INFO - start
2026-08-26 01:02:19,585 - INFO - set_page_config...
2026-08-26 01:02:19,588 - INFO - Platfrom Status
2026-08-26 01:02:19,589 - INFO - Data Coverage
2026-08-26 01:02:19,595 - INFO - Explore the Platfrom
2026-08-26 01:02:19,598 - INFO - Technology stack
2026-08-26 01:02:19,600 - INFO - Main complete
2026-08-26 16:10:53,054 - INFO - start
2026-08-26 16:10:53,056 - INFO - set_page_config...
2026-08-26 16:10:53,062 - INFO - Platfrom Status
2026-08-26 16:10:53,066 - INFO - Data Coverage
2026-08-26 16:10:53,070 - INFO - Explore the Platfrom
2026-08-26 16:10:53,073 - INFO - Technology stack
2026-08-26 16:10:53,076 - INFO - Main complete
2026-08-26 16:16:57,157 - INFO - start
2026-08-26 16:16:57,158 - INFO - set_page_config...
2026-08-26 16:16:57,229 - INFO - Platfrom Status
2026-08-26 16:16:57,233 - INFO - Data Coverage
2026-08-26 16:16:57,240 - INFO - Explore the Platfrom
2026-08-26 16:16:57,249 - INFO - Technology stack
2026-08-26 16:16:57,252 - INFO - Main complete
2026-08-26 16:17:06,396 - INFO - start
2026-08-26 16:17:06,396 - INFO - set_page_config...
2026-08-26 16:17:06,400 - INFO - Platfrom Status
2026-08-26 16:17:06,408 - INFO - Data Coverage
2026-08-26 16:17:06,416 - INFO - Explore the Platfrom
2026-08-26 16:17:06,420 - INFO - Technology stack
2026-08-26 16:17:06,422 - INFO - Main complete
2026-08-26 16:17:21,204 - INFO - start
2026-08-26 16:17:21,204 - INFO - set_page_config...
2026-08-26 16:17:21,206 - INFO - Platfrom Status
2026-08-26 16:17:21,211 - INFO - Data Coverage
2026-08-26 16:17:21,216 - INFO - Explore the Platfrom
2026-08-26 16:17:21,222 - INFO - Technology stack
2026-08-26 16:17:21,224 - INFO - Main complete
