2026-08-22 23:42:19,376 - INFO - Airplane file checking...
2026-08-22 23:42:19,376 - INFO - Airplane file available.
2026-08-22 23:42:19,376 - INFO - Reading airplane file...
2026-08-22 23:42:19,401 - INFO - Airplane file read successfully.
2026-08-22 23:42:19,401 - INFO - Rows to load: 246
2026-08-22 23:42:19,402 - INFO - Connecting to local database...
2026-08-22 23:42:19,423 - INFO - Creating airplane table if it does not exist...
2026-08-22 23:43:48,511 - INFO - Airplane file checking...
2026-08-22 23:43:48,511 - INFO - Airplane file available.
2026-08-22 23:43:48,511 - INFO - Reading airplane file...
2026-08-22 23:43:48,519 - INFO - Airplane file read successfully.
2026-08-22 23:43:48,519 - INFO - Rows to load: 246
2026-08-22 23:43:48,520 - INFO - Connecting to local database...
2026-08-22 23:43:48,537 - INFO - Creating airplane table if it does not exist...
2026-08-22 23:45:30,602 - INFO - Airplane file checking...
2026-08-22 23:45:30,603 - INFO - Airplane file available.
2026-08-22 23:45:30,603 - INFO - Reading airplane file...
2026-08-22 23:45:30,630 - INFO - Airplane file read successfully.
2026-08-22 23:45:30,630 - INFO - Rows to load: 246
2026-08-22 23:45:30,631 - INFO - Connecting to local database...
2026-08-22 23:45:30,649 - INFO - Creating airplane table if it does not exist...
2026-08-22 23:45:30,660 - INFO - Starting airplane data insertion...
2026-08-22 23:45:30,757 - INFO - Airplane data loaded into Local PostgreSQL successfully!
2026-08-22 23:45:30,757 - INFO - Connecting to Neon database...
2026-08-22 23:45:33,273 - INFO - Creating airplane table if it does not exist...
2026-08-22 23:45:33,814 - INFO - Starting airplane data insertion...
2026-08-22 23:46:51,708 - INFO - Airplane data loaded into Neon successfully!
2026-08-22 23:46:51,708 - INFO - Airplane loading completed successfully!
