2026-08-23 18:54:36,227 - INFO - Flight file checking...
2026-08-23 18:54:36,227 - INFO - Flight file available.
2026-08-23 18:54:36,227 - INFO - Reading Flight file...
2026-08-23 19:03:40,096 - INFO - Flight file checking...
2026-08-23 19:03:40,097 - INFO - Flight file available.
2026-08-23 19:03:40,097 - INFO - Reading Flight file...
2026-08-23 19:06:35,449 - INFO - Flight file checking...
2026-08-23 19:06:35,449 - INFO - Flight file available.
2026-08-23 19:06:35,449 - INFO - Reading Flight file...
2026-08-23 19:07:07,465 - INFO - Flight file read successfully.
2026-08-23 19:07:07,477 - INFO - Rows to load: 7079079
2026-08-23 19:07:07,482 - INFO - Connecting to local database...
2026-08-23 19:07:07,573 - INFO - Creating flight table if it does not exist...
2026-08-23 19:07:07,627 - INFO - Starting flight data insertion...
2026-08-23 19:11:22,228 - INFO - Flight file checking...
2026-08-23 19:11:22,229 - INFO - Flight file available.
2026-08-23 19:11:22,229 - INFO - Starting Flight data loading...
2026-08-23 19:12:36,861 - INFO - Flight file checking...
2026-08-23 19:12:36,862 - INFO - Flight file available.
2026-08-23 19:12:36,862 - INFO - Starting Flight data loading...
2026-08-23 19:13:46,898 - INFO - Flight file checking...
2026-08-23 19:13:46,898 - INFO - Flight file available.
2026-08-23 19:13:46,898 - INFO - Starting Flight data loading...
2026-08-23 19:15:58,087 - INFO - Flight file checking...
2026-08-23 19:15:58,087 - INFO - Flight file available.
2026-08-23 19:15:58,087 - INFO - Starting Flight data loading...
2026-08-23 19:18:26,631 - INFO - Flight file checking...
2026-08-23 19:18:26,631 - INFO - Flight file available.
2026-08-23 19:18:26,631 - INFO - Starting Flight data loading...
2026-08-23 21:50:45,884 - INFO - Flight file checking...
2026-08-23 21:50:45,885 - INFO - Flight file available.
2026-08-23 21:50:45,885 - INFO - Starting Flight data loading...
2026-08-23 22:44:09,664 - INFO - Flight file checking...
2026-08-23 22:44:09,664 - INFO - Flight file available.
2026-08-23 22:44:09,665 - INFO - Starting Flight data loading...
2026-08-23 22:56:53,948 - INFO - Flight file checking...
2026-08-23 22:56:53,949 - INFO - Flight file available.
2026-08-23 22:56:53,949 - INFO - Starting Flight data loading...
2026-08-23 23:51:55,099 - INFO - Flight file checking...
2026-08-23 23:51:55,099 - INFO - Flight file available.
2026-08-23 23:51:55,100 - INFO - Starting Flight data loading...
2026-08-23 23:52:32,585 - INFO - Flight file checking...
2026-08-23 23:52:32,585 - INFO - Flight file available.
2026-08-23 23:52:32,585 - INFO - Starting Flight data loading...
