2026-08-23 16:08:49,527 - INFO - Route file checking...
2026-08-23 16:08:49,527 - INFO - Route file available.
2026-08-23 16:08:49,527 - INFO - Reading Route file...
2026-08-23 16:08:49,561 - INFO - Route file read successfully.
2026-08-23 16:08:49,561 - INFO - Rows to load: 14589
2026-08-23 16:08:49,562 - INFO - Connecting to local database...
2026-08-23 16:08:49,579 - INFO - Creating Route table if it does not exist...
2026-08-23 16:08:49,583 - INFO - Starting Route data insertion...
2026-08-23 16:12:14,651 - INFO - Route file checking...
2026-08-23 16:12:14,651 - INFO - Route file available.
2026-08-23 16:12:14,651 - INFO - Reading Route file...
2026-08-23 16:12:14,678 - INFO - Route file read successfully.
2026-08-23 16:12:14,678 - INFO - Rows to load: 14589
2026-08-23 16:12:14,678 - INFO - Connecting to local database...
2026-08-23 16:12:14,694 - INFO - Creating Route table if it does not exist...
2026-08-23 16:12:14,699 - INFO - Starting Route data insertion...
2026-08-23 16:12:30,849 - INFO - Route file checking...
2026-08-23 16:12:30,849 - INFO - Route file available.
2026-08-23 16:12:30,849 - INFO - Reading Route file...
2026-08-23 16:12:30,892 - INFO - Route file read successfully.
2026-08-23 16:12:30,893 - INFO - Rows to load: 14589
2026-08-23 16:12:30,893 - INFO - Connecting to local database...
2026-08-23 16:12:30,910 - INFO - Creating Route table if it does not exist...
2026-08-23 16:12:30,913 - INFO - Starting Route data insertion...
2026-08-23 17:25:37,542 - INFO - Route file checking...
2026-08-23 17:25:37,546 - INFO - Route file available.
2026-08-23 17:25:37,547 - INFO - Reading Route file...
2026-08-23 17:25:37,591 - INFO - Route file read successfully.
2026-08-23 17:25:37,591 - INFO - Rows to load: 14589
2026-08-23 17:25:37,591 - INFO - Connecting to local database...
2026-08-23 17:25:37,608 - INFO - Creating Route table if it does not exist...
2026-08-23 17:25:37,617 - INFO - Starting Route data insertion...
2026-08-23 17:33:00,476 - INFO - Route file checking...
2026-08-23 17:33:00,476 - INFO - Route file available.
2026-08-23 17:33:00,477 - INFO - Reading Route file...
2026-08-23 17:33:00,507 - INFO - Route file read successfully.
2026-08-23 17:33:00,507 - INFO - Rows to load: 14589
2026-08-23 17:33:00,507 - INFO - Connecting to local database...
2026-08-23 17:33:00,533 - INFO - Creating Route table if it does not exist...
2026-08-23 17:33:00,539 - INFO - Starting Route data insertion...
2026-08-23 17:35:23,458 - INFO - Route file checking...
2026-08-23 17:35:23,458 - INFO - Route file available.
2026-08-23 17:35:23,458 - INFO - Reading Route file...
2026-08-23 17:35:23,497 - INFO - Route file read successfully.
2026-08-23 17:35:23,497 - INFO - Rows to load: 14589
2026-08-23 17:35:23,497 - INFO - Connecting to local database...
2026-08-23 17:35:23,517 - INFO - Creating Route table if it does not exist...
2026-08-23 17:35:23,521 - INFO - Starting Route data insertion...
2026-08-23 17:37:12,446 - INFO - Route file checking...
2026-08-23 17:37:12,446 - INFO - Route file available.
2026-08-23 17:37:12,446 - INFO - Reading Route file...
2026-08-23 17:37:12,490 - INFO - Route file read successfully.
2026-08-23 17:37:12,491 - INFO - Rows to load: 14589
2026-08-23 17:37:12,491 - INFO - Connecting to local database...
2026-08-23 17:37:12,509 - INFO - Creating Route table if it does not exist...
2026-08-23 17:37:12,514 - INFO - Starting Route data insertion...
2026-08-23 17:39:11,598 - INFO - Route file checking...
2026-08-23 17:39:11,598 - INFO - Route file available.
2026-08-23 17:39:11,598 - INFO - Reading Route file...
2026-08-23 17:39:11,632 - INFO - Route file read successfully.
2026-08-23 17:39:11,632 - INFO - Rows to load: 14589
2026-08-23 17:39:11,632 - INFO - Connecting to local database...
2026-08-23 17:39:11,649 - INFO - Creating Route table if it does not exist...
2026-08-23 17:39:11,653 - INFO - Starting Route data insertion...
2026-08-23 17:39:15,415 - INFO - Route data loaded into Local PostgreSQL successfully!
2026-08-23 17:39:15,416 - INFO - Connecting to Neon database...
2026-08-23 17:39:17,248 - INFO - Creating Route table if it does not exist...
2026-08-23 17:39:17,987 - INFO - Starting Route data insertion...
2026-08-23 18:54:36,220 - INFO - Route data loaded into Neon successfully!
2026-08-23 18:54:36,225 - INFO - Route loading completed successfully!
