2026-08-24 01:05:53,546 - INFO - weather file checking...
2026-08-24 01:05:53,546 - INFO - weather file available.
2026-08-24 01:05:53,546 - INFO - Reading weather file...
2026-08-24 01:05:54,417 - INFO - weather file read successfully.
2026-08-24 01:05:54,418 - INFO - Rows to load: 2817468
2026-08-24 01:05:54,418 - INFO - Connecting to local database...
2026-08-24 01:05:54,471 - INFO - Creating weather table if it does not exist...
2026-08-24 01:05:54,489 - INFO - Starting weather data insertion...
2026-08-24 01:09:17,752 - INFO - weather file checking...
2026-08-24 01:09:17,752 - INFO - weather file available.
2026-08-24 01:09:17,752 - INFO - Reading weather file...
2026-08-24 01:09:18,335 - INFO - weather file read successfully.
2026-08-24 01:09:18,336 - INFO - Rows to load: 2817468
2026-08-24 01:09:18,336 - INFO - Connecting to local database...
2026-08-24 01:09:18,358 - INFO - Creating weather table if it does not exist...
2026-08-24 01:09:18,361 - INFO - Starting weather data insertion...
2026-08-24 01:12:13,077 - INFO - Weather file checking...
2026-08-24 01:12:13,077 - INFO - Weather file available.
2026-08-24 01:12:13,077 - INFO - Reading weather file...
2026-08-24 01:12:14,002 - INFO - Weather file read successfully.
2026-08-24 01:12:14,002 - INFO - Rows to load: 2817468
2026-08-24 01:12:14,002 - INFO - Connecting to local database...
2026-08-24 01:12:14,024 - INFO - Creating weather table...
2026-08-24 01:12:14,042 - INFO - Preparing weather data...
2026-08-24 01:19:56,668 - INFO - Weather data loaded into Local PostgreSQL successfully!
2026-08-24 01:19:59,537 - INFO - Weather loading completed successfully!
2026-09-05 03:46:15,383 - INFO - Weather file checking...
2026-09-05 03:46:15,388 - INFO - Weather file available.
2026-09-05 03:46:15,389 - INFO - Reading weather file...
2026-09-05 03:46:16,696 - INFO - Weather file read successfully.
2026-09-05 03:46:16,697 - INFO - Rows to load: 2817468
2026-09-05 03:46:16,697 - INFO - Connecting to local database...
2026-09-05 03:46:16,777 - INFO - Creating weather table...
2026-09-05 03:46:16,795 - INFO - Preparing weather data...
