2026-08-12 04:04:23,607 - INFO - Checking data folder.
2026-08-12 04:04:23,607 - INFO - Data folder does not exist. Creating it.
2026-08-12 04:04:23,607 - INFO - Data folder created successfully.
2026-08-12 04:04:23,607 - INFO - Downloading airline data from Kaggle...
2026-08-12 04:04:48,875 - INFO - Airline data downloaded successfully.
2026-09-04 21:05:32,820 - INFO - Checking data folder.
2026-09-04 21:05:32,821 - INFO - Data folder does not exist. Creating it.
2026-09-04 21:05:32,821 - INFO - Data folder created successfully.
2026-09-04 21:05:32,821 - INFO - Downloading airline data from Kaggle...
2026-09-04 21:05:32,822 - INFO - Airline data downloaded successfully.
2026-09-04 22:39:40,119 - INFO - Checking data folder.
2026-09-04 22:39:40,119 - INFO - Data folder does not exist. Creating it.
2026-09-04 22:39:40,119 - INFO - Data folder created successfully.
2026-09-04 22:39:40,119 - INFO - Downloading airline data from Kaggle...
2026-09-04 22:39:40,119 - INFO - Airline data downloaded successfully.
2026-09-05 01:26:07,245 - INFO - Checking data folder.
2026-09-05 01:26:07,245 - INFO - Data folder does not exist. Creating it.
2026-09-05 01:26:07,245 - INFO - Data folder created successfully.
2026-09-05 01:26:07,246 - INFO - Downloading airline data from Kaggle...
2026-09-05 01:26:07,246 - INFO - Airline data downloaded successfully.
2026-09-05 05:59:50,708 - INFO - Checking data folder.
2026-09-05 05:59:50,709 - INFO - Data folder exists.
2026-09-05 06:02:26,558 - INFO - Checking data folder.
2026-09-05 06:02:26,577 - INFO - Data folder exists.
2026-09-05 06:02:31,127 - INFO - Checking data folder.
2026-09-05 06:02:31,128 - INFO - Data folder exists.
2026-09-05 06:02:59,599 - INFO - Checking data folder.
2026-09-05 06:02:59,600 - INFO - Data folder exists.
