2026-08-12 04:05:28,367 - INFO - Checking data folder.
2026-08-12 04:05:28,367 - INFO - Data folder does not exist. Creating it.
2026-08-12 04:05:28,367 - INFO - Data folder created successfully.
2026-08-12 04:05:28,367 - INFO - Downloading airplane data from Kaggle...
2026-08-12 04:05:52,148 - INFO - Airplane data downloaded successfully.
2026-09-04 22:45:39,875 - INFO - Checking data folder.
2026-09-04 22:45:39,875 - INFO - Data folder does not exist. Creating it.
2026-09-04 22:45:39,876 - INFO - Data folder created successfully.
2026-09-04 22:45:39,876 - INFO - Downloading airplane data from Kaggle...
2026-09-04 22:45:39,876 - INFO - Airplane data downloaded successfully.
2026-09-05 01:28:35,497 - INFO - Checking data folder.
2026-09-05 01:28:35,498 - INFO - Data folder does not exist. Creating it.
2026-09-05 01:28:35,498 - INFO - Data folder created successfully.
2026-09-05 01:28:35,498 - INFO - Downloading airplane data from Kaggle...
2026-09-05 01:28:35,498 - INFO - Airplane data downloaded successfully.
2026-09-05 05:59:50,709 - INFO - Checking data folder.
2026-09-05 05:59:50,710 - INFO - Data folder exists.
2026-09-05 06:02:26,577 - INFO - Checking data folder.
2026-09-05 06:02:26,588 - INFO - Data folder exists.
2026-09-05 06:02:31,129 - INFO - Checking data folder.
2026-09-05 06:02:31,129 - INFO - Data folder exists.
2026-09-05 06:02:59,600 - INFO - Checking data folder.
2026-09-05 06:02:59,600 - INFO - Data folder exists.
