2026-08-12 04:11:24,736 - INFO - Checking data folder.
2026-08-12 04:11:24,736 - INFO - Data folder does not exist. Creating it.
2026-08-12 04:11:24,737 - INFO - Data folder created successfully.
2026-08-12 04:11:24,737 - INFO - Downloading airport data from Kaggle...
2026-08-12 04:11:53,328 - INFO - Airport data downloaded successfully.
2026-09-04 22:47:28,269 - INFO - Checking data folder.
2026-09-04 22:47:28,270 - INFO - Data folder does not exist. Creating it.
2026-09-04 22:47:28,270 - INFO - Data folder created successfully.
2026-09-04 22:47:28,270 - INFO - Downloading airport data from Kaggle...
2026-09-04 22:47:28,270 - INFO - Airport data downloaded successfully.
2026-09-05 01:28:26,486 - INFO - Checking data folder.
2026-09-05 01:28:26,486 - INFO - Data folder does not exist. Creating it.
2026-09-05 01:28:26,487 - INFO - Data folder created successfully.
2026-09-05 01:28:26,487 - INFO - Downloading airport data from Kaggle...
2026-09-05 01:28:26,487 - INFO - Airport data downloaded successfully.
2026-09-05 05:59:50,711 - INFO - Checking data folder.
2026-09-05 05:59:50,711 - INFO - Data folder exists.
2026-09-05 06:02:26,607 - INFO - Checking data folder.
2026-09-05 06:02:26,607 - INFO - Data folder exists.
2026-09-05 06:02:31,130 - INFO - Checking data folder.
2026-09-05 06:02:31,130 - INFO - Data folder exists.
2026-09-05 06:02:59,601 - INFO - Checking data folder.
2026-09-05 06:02:59,601 - INFO - Data folder exists.
