2026-08-12 01:56:13,441:INFO:Checking data folder.
2026-08-12 01:56:13,441:INFO:Data folder does not exist. Creating it.
2026-08-12 01:56:13,442:INFO:Downloading flight data from Kaggle.
2026-08-12 01:56:19,348:ERROR:Error occurred while downloading flight data: Command '['kaggle', 'datasets', 'download', '-d', 'hrishitpatil/flight-data-2024', '-f', 'flight_data_2024.csv', '-p', 'data/raw/flight_data']' returned non-zero exit status 1.
2026-08-12 01:56:29,801:INFO:Checking data folder.
2026-08-12 01:56:29,802:INFO:Data folder exists.
2026-08-12 01:56:29,802:INFO:Downloading flight data from Kaggle.
2026-08-12 01:56:34,726:ERROR:Error occurred while downloading flight data: Command '['kaggle', 'datasets', 'download', '-d', 'hrishitpatil/flight-data-2024', '-f', 'flight_data_2024.csv', '-p', 'data/raw/flight_data']' returned non-zero exit status 1.
2026-08-12 01:57:15,996:INFO:Checking data folder.
2026-08-12 01:57:15,996:INFO:Data folder exists.
2026-08-12 01:57:15,996:INFO:Downloading flight data from Kaggle.
2026-08-12 02:32:24,533:INFO:Flight data downloaded successfully.
2026-09-04 22:56:45,851 - INFO - Checking data folder.
2026-09-04 22:56:45,852 - INFO - Data folder does not exist. Creating it.
2026-09-04 22:56:45,852 - INFO - Downloading flight data from Kaggle.
2026-09-04 22:56:45,853 - INFO - Flight data downloaded successfully.
2026-09-05 01:29:37,139 - INFO - Checking data folder.
2026-09-05 01:29:37,139 - INFO - Data folder does not exist. Creating it.
2026-09-05 01:29:37,140 - INFO - Downloading flight data from Kaggle.
2026-09-05 01:29:37,140 - INFO - Flight data downloaded successfully.
2026-09-05 05:59:50,712 - INFO - Checking data folder.
2026-09-05 05:59:50,712 - INFO - Flight data already exists. Skipping download.
2026-09-05 06:02:26,607 - INFO - Checking data folder.
2026-09-05 06:02:26,608 - INFO - Flight data already exists. Skipping download.
2026-09-05 06:02:31,130 - INFO - Checking data folder.
2026-09-05 06:02:31,131 - INFO - Flight data already exists. Skipping download.
2026-09-05 06:02:59,601 - INFO - Checking data folder.
2026-09-05 06:02:59,602 - INFO - Flight data already exists. Skipping download.
