2026-09-05 03:27:17,295 - INFO - Starting main ingestion process.
2026-09-05 03:27:17,295 - INFO - Downloading airline data...
2026-09-05 03:27:17,295 - INFO - Downloading airplane data...
2026-09-05 03:27:17,295 - INFO - Downloading airport data...
2026-09-05 03:27:17,295 - INFO - Downloading flight data...
2026-09-05 03:27:17,295 - INFO - Downloading route data...
2026-09-05 03:27:17,295 - INFO - Downloading weather data...
2026-09-05 03:27:17,295 - INFO - Main ingestion process completed successfully.
2026-09-05 03:31:27,398 - INFO - Starting main ingestion process.
2026-09-05 03:31:27,399 - INFO - Downloading airline data...
2026-09-05 03:31:27,399 - INFO - Downloading airplane data...
2026-09-05 03:31:27,399 - INFO - Downloading airport data...
2026-09-05 03:31:27,399 - INFO - Downloading flight data...
2026-09-05 03:31:27,399 - INFO - Downloading route data...
2026-09-05 03:31:27,399 - INFO - Downloading weather data...
2026-09-05 03:31:27,399 - INFO - Main ingestion process completed successfully.
2026-09-05 05:59:50,708 - INFO - Starting main ingestion process.
2026-09-05 05:59:50,708 - INFO - Downloading airline data...
2026-09-05 05:59:50,709 - INFO - Downloading airplane data...
2026-09-05 05:59:50,710 - INFO - Downloading airport data...
2026-09-05 05:59:50,711 - INFO - Downloading flight data...
2026-09-05 05:59:50,713 - INFO - Downloading route data...
2026-09-05 05:59:50,714 - INFO - Downloading weather data...
2026-09-05 06:02:26,558 - INFO - Starting main ingestion process.
2026-09-05 06:02:26,558 - INFO - Downloading airline data...
2026-09-05 06:02:26,577 - INFO - Downloading airplane data...
2026-09-05 06:02:26,597 - INFO - Downloading airport data...
2026-09-05 06:02:26,607 - INFO - Downloading flight data...
2026-09-05 06:02:26,608 - INFO - Downloading route data...
2026-09-05 06:02:26,610 - INFO - Downloading weather data...
2026-09-05 06:02:31,122 - INFO - Starting main ingestion process.
2026-09-05 06:02:31,127 - INFO - Downloading airline data...
2026-09-05 06:02:31,128 - INFO - Downloading airplane data...
2026-09-05 06:02:31,129 - INFO - Downloading airport data...
2026-09-05 06:02:31,130 - INFO - Downloading flight data...
2026-09-05 06:02:31,131 - INFO - Downloading route data...
2026-09-05 06:02:31,131 - INFO - Downloading weather data...
2026-09-05 06:02:59,599 - INFO - Starting main ingestion process.
2026-09-05 06:02:59,599 - INFO - Downloading airline data...
2026-09-05 06:02:59,600 - INFO - Downloading airplane data...
2026-09-05 06:02:59,601 - INFO - Downloading airport data...
2026-09-05 06:02:59,601 - INFO - Downloading flight data...
2026-09-05 06:02:59,602 - INFO - Downloading route data...
2026-09-05 06:02:59,602 - INFO - Downloading weather data...
